// Jest Snapshot v1, https://goo.gl/fbAQLP

exports[`the App module wrapper should match snapshot 1`] = `ShallowWrapper {}`;
